../Core/Src/main.c:90:5:main	8	static
../Core/Src/main.c:137:6:SystemClock_Config	72	static
../Core/Src/main.c:178:13:MX_TIM2_Init	32	static
../Core/Src/main.c:216:13:MX_GPIO_Init	40	static
../Core/Src/main.c:284:6:TIM2_CallBack	8	static
../Core/Src/main.c:314:6:sendLED	72	static
../Core/Src/main.c:328:6:updateLedData	40	static
../Core/Src/main.c:342:6:ARM_WR_CDA	4	static
../Core/Src/main.c:352:6:ARM_WR_DATA	4	static
../Core/Src/main.c:360:6:ARM_RD_DATA	4	static
../Core/Src/main.c:367:6:EXTI_Init	72	static
../Core/Src/main.c:407:6:Start_Button_Pressed	8	static
../Core/Src/main.c:420:6:Dat_Button_Pressed	8	static
../Core/Src/main.c:432:6:Preg_Button_Pressed	4	static
../Core/Src/main.c:436:6:Mod_Button_Pressed	4	static
../Core/Src/main.c:446:6:Error_Handler	4	static,ignoring_inline_asm
