../Core/Src/main.c:83:5:main	8	static
../Core/Src/main.c:129:6:SystemClock_Config	72	static
../Core/Src/main.c:170:13:MX_TIM2_Init	32	static
../Core/Src/main.c:208:13:MX_GPIO_Init	40	static
../Core/Src/main.c:276:6:TIM2_CallBack	8	static
../Core/Src/main.c:306:6:sendLED	16	static
../Core/Src/main.c:313:6:ARM_WR_CDA	4	static
../Core/Src/main.c:323:6:ARM_WR_DATA	4	static
../Core/Src/main.c:331:6:ARM_RD_DATA	4	static
../Core/Src/main.c:338:6:EXTI_Init	72	static
../Core/Src/main.c:370:6:Error_Handler	4	static,ignoring_inline_asm
